---
source: crates/cli/tests/snapshot_tests.rs
expression: json_str
---
[
  {
    "type": "issue",
    "check_name": "fallow/duplicate-export",
    "description": "Export 'Config' appears in multiple modules",
    "categories": [
      "Bug Risk"
    ],
    "severity": "major",
    "fingerprint": "059e550191b06ac6",
    "location": {
      "path": "src/config.ts",
      "lines": {
        "begin": 15
      }
    }
  },
  {
    "type": "issue",
    "check_name": "fallow/duplicate-export",
    "description": "Export 'Config' appears in multiple modules",
    "categories": [
      "Bug Risk"
    ],
    "severity": "major",
    "fingerprint": "298ba9d90b56a182",
    "location": {
      "path": "src/types.ts",
      "lines": {
        "begin": 30
      }
    }
  }
]
