---
source: crates/cli/tests/snapshot_tests.rs
expression: json_str
---
[
  {
    "type": "issue",
    "check_name": "fallow/unused-export",
    "description": "Export 'helperFn' is never imported by other modules",
    "categories": [
      "Bug Risk"
    ],
    "severity": "major",
    "fingerprint": "1d25c1dfe1837da4",
    "location": {
      "path": "src/utils.ts",
      "lines": {
        "begin": 10
      }
    }
  }
]
