---
source: crates/cli/tests/snapshot_tests.rs
assertion_line: 102
expression: "json_str.replace(&format!(\"\\\"version\\\": \\\"{}\\\"\", env!(\"CARGO_PKG_VERSION\")),\n\"\\\"version\\\": \\\"[VERSION]\\\"\",)"
---
{
  "unused_files": [],
  "unused_exports": [],
  "unused_types": [],
  "unused_dependencies": [],
  "unused_dev_dependencies": [],
  "unused_enum_members": [],
  "unused_class_members": [],
  "unresolved_imports": [],
  "unlisted_dependencies": [],
  "duplicate_exports": [],
  "type_only_dependencies": [],
  "version": "[VERSION]",
  "elapsed_ms": 0,
  "total_issues": 0
}
