---
source: crates/cli/tests/snapshot_tests.rs
expression: json_str
---
[
  {
    "type": "issue",
    "check_name": "fallow/type-only-dependency",
    "description": "Package 'zod' is only imported via type-only imports (consider moving to devDependencies)",
    "categories": [
      "Bug Risk"
    ],
    "severity": "minor",
    "fingerprint": "ce7c5c861453f2d2",
    "location": {
      "path": "package.json",
      "lines": {
        "begin": 8
      }
    }
  }
]
