---
source: crates/cli/tests/snapshot_tests.rs
expression: json_str
---
[
  {
    "type": "issue",
    "check_name": "fallow/unlisted-dependency",
    "description": "Package 'chalk' is imported but not listed in package.json",
    "categories": [
      "Bug Risk"
    ],
    "severity": "major",
    "fingerprint": "2a49f8b353fd9bb7",
    "location": {
      "path": "src/logger.ts",
      "lines": {
        "begin": 1
      }
    }
  }
]
